Fetching https://github.com/RevenueCat/purchases-ios.git from cache
Fetched https://github.com/RevenueCat/purchases-ios.git from cache (0.07s)
Creating working copy for https://github.com/RevenueCat/purchases-ios.git
Working copy of https://github.com/RevenueCat/purchases-ios.git resolved at 5.91.0
Building for debugging...
[Provisioning 3 / 7]
[Planning 1 / 154]
[Planning deferred tasks]
[47 / 81] RevenueCat_RevenueCat
[48 / 81]
[49 / 82] RevenueCat
[49 / 98] RevenueCat
[60 / 183]
[61 / 183]
[64 / 183]
[72 / 183]
[75 / 183]
[77 / 183]
[82 / 183]
[84 / 183]
[86 / 183]
[87 / 183]
[90 / 183]
[96 / 183]
[98 / 183]
[101 / 183]
[102 / 183]
[114 / 183]
[118 / 183]
[119 / 183]
[122 / 183]
[124 / 183]
[126 / 183]
[138 / 183] RevenueCat
[139 / 183] RevenueCat
[145 / 183] RevenueCat
[146 / 183] RevenueCat
[147 / 183] RevenueCat
[148 / 183] RevenueCat
[154 / 183] RevenueCat
[155 / 183] RevenueCat-product
[156 / 183] RevenueCat
[157 / 184]
[157 / 184] RevenueCat
[157 / 184] SupporterKit
[161 / 264]
[165 / 264]
[168 / 264]
[169 / 264]
[172 / 264]
[176 / 264]
[180 / 264]
[183 / 264]
[184 / 264]
[185 / 264]
[190 / 264]
[192 / 264]
[193 / 264] RevenueCat
[194 / 264]
[195 / 264]
[198 / 264]
[199 / 264]
[204 / 264]
[204 / 264] RevenueCat
[204 / 264]
[206 / 264]
[209 / 264]
[209 / 264] RevenueCat
[210 / 264]
[220 / 264]
[224 / 264]
[226 / 264]
[227 / 264]
[230 / 264]
[232 / 264]
[232 / 264] RevenueCat
[232 / 264]
[234 / 264]
[237 / 264] SupporterKit
[245 / 264] SupporterKit
[247 / 264] RevenueCat
[248 / 264] RevenueCat
[254 / 265] SupporterKitTests-product
[256 / 273]
[258 / 273]
[259 / 273]
[262 / 273] SupporterKitTests-product
[267 / 273] SupporterKitTests-product
[269 / 273] SupporterKitTests-product
[271 / 273] SupporterKitTests-product
Build complete! (52.75 secs)
Test Suite 'All tests' started at 2026-09-30 15:45:29.913.
Test Suite 'SupporterKitTests.xctest' started at 2026-09-30 15:45:29.925.
Test Suite 'SupporterModelTests' started at 2026-09-30 15:45:29.925.
Test Case '-[SupporterKitTests.SupporterModelTests testCancellationDoesNotUnlock]' started.
Test Case '-[SupporterKitTests.SupporterModelTests testCancellationDoesNotUnlock]' passed (0.004 seconds).
Test Case '-[SupporterKitTests.SupporterModelTests testOfflineOfferDoesNotPermitPurchase]' started.
Test Case '-[SupporterKitTests.SupporterModelTests testOfflineOfferDoesNotPermitPurchase]' passed (0.001 seconds).
Test Case '-[SupporterKitTests.SupporterModelTests testPendingDoesNotUnlock]' started.
Test Case '-[SupporterKitTests.SupporterModelTests testPendingDoesNotUnlock]' passed (0.001 seconds).
Test Case '-[SupporterKitTests.SupporterModelTests testPurchaseAndAppearance]' started.
Test Case '-[SupporterKitTests.SupporterModelTests testPurchaseAndAppearance]' passed (0.002 seconds).
Test Case '-[SupporterKitTests.SupporterModelTests testPurchaseFailureNeverUnlocksOrLeavesBusy]' started.
Test Case '-[SupporterKitTests.SupporterModelTests testPurchaseFailureNeverUnlocksOrLeavesBusy]' passed (0.001 seconds).
Test Case '-[SupporterKitTests.SupporterModelTests testRelaunchDoesNotTrustPreferencesAsEntitlement]' started.
Test Case '-[SupporterKitTests.SupporterModelTests testRelaunchDoesNotTrustPreferencesAsEntitlement]' passed (0.002 seconds).
Test Case '-[SupporterKitTests.SupporterModelTests testReleaseRejectsTestAndSecretKeys]' started.
Test Case '-[SupporterKitTests.SupporterModelTests testReleaseRejectsTestAndSecretKeys]' passed (0.000 seconds).
Test Case '-[SupporterKitTests.SupporterModelTests testRestoreAndRevocation]' started.
Test Case '-[SupporterKitTests.SupporterModelTests testRestoreAndRevocation]' passed (0.002 seconds).
Test Case '-[SupporterKitTests.SupporterModelTests testRestoreFailureDoesNotEraseConfirmedEntitlement]' started.
Test Case '-[SupporterKitTests.SupporterModelTests testRestoreFailureDoesNotEraseConfirmedEntitlement]' passed (0.001 seconds).
Test Suite 'SupporterModelTests' passed at 2026-09-30 15:45:29.940.
	 Executed 9 tests, with 0 failures (0 unexpected) in 0.013 (0.014) seconds
Test Suite 'SupporterKitTests.xctest' passed at 2026-09-30 15:45:29.940.
	 Executed 9 tests, with 0 failures (0 unexpected) in 0.013 (0.014) seconds
Test Suite 'All tests' passed at 2026-09-30 15:45:29.940.
	 Executed 9 tests, with 0 failures (0 unexpected) in 0.013 (0.027) seconds
◇ Test run started.
↳ Testing Library Version: 2084
↳ Target Platform: arm64e-apple-macos14.0
✔ Test run with 0 tests in 0 suites passed after 0.001 seconds.
